Odd: 0 1 2 3 6 9 11 12 14 15 16 18 19 20 21 22 24 25 26 28 30 38 42 45 47 48 49 50 54 55 57 61 62 63 66 67 68 70 71 75 76 77 84 85 86 87 88 90 91 92 93 94 95 98
