00 00 00 00 
00 00 00 20 
00 00 00 30 
00 00 00 38 
00 00 00 3c 
00 00 00 3e 
00 00 00 3f 
00 00 00 1f 
00 00 00 0f 
00 00 00 07 
00 00 00 03 
00 00 00 01 
00 00 00 00 
