00 00 00 00 
02 00 00 00 
0a 00 00 00 
2a 00 00 00 
22 00 00 00 
22 04 00 00 
22 0c 00 00 
22 0c 00 00 
2a 0c 00 00 
